[fertilfamily.com/pressel-karine/index.html]
[backblue.gif]
[fade.gif]
[index.html]
[fertilfamily.com/wp-content/plugins/elementor/assets/lib/font-awesome/js/v4-shims.min3621.js]
[fertilfamily.com/wp-content/uploads/2020/09/cropped-produto-32x32.png]
[fertilfamily.com/wp-content/uploads/2020/09/cropped-produto-192x192.png]
[fertilfamily.com/wp-content/uploads/2020/09/cropped-produto-180x180.png]
[connect.facebook.net/en_US/fbevents.js]
[fertilfamily.com/wp-content/plugins/elementor-pro/assets/js/webpack-pro.runtime.min1ac1.js]
[fertilfamily.com/wp-content/plugins/elementor/assets/js/webpack.runtime.min3621.js]
[fertilfamily.com/wp-includes/js/jquery/jquery.minaf6c.js]
[fertilfamily.com/wp-includes/js/jquery/jquery-migrate.mind617.js]
[fertilfamily.com/wp-content/plugins/elementor/assets/js/frontend-modules.min3621.js]
[fertilfamily.com/wp-includes/js/dist/vendor/regenerator-runtime.min3937.js]
[fertilfamily.com/wp-includes/js/dist/vendor/wp-polyfill.min2c7c.js]
[fertilfamily.com/wp-includes/js/dist/hooks.mincbb5.js]
[fertilfamily.com/wp-includes/js/dist/i18n.min771a.js]
[fertilfamily.com/wp-content/plugins/elementor-pro/assets/js/frontend.min1ac1.js]
[fertilfamily.com/wp-content/plugins/elementor/assets/lib/waypoints/waypoints.min05da.js]
[fertilfamily.com/wp-includes/js/jquery/ui/core.min0028.js]
[fertilfamily.com/wp-content/plugins/elementor/assets/lib/swiper/swiper.min48f5.js]
[fertilfamily.com/wp-content/plugins/elementor/assets/lib/share-link/share-link.min3621.js]
[fertilfamily.com/wp-content/plugins/elementor/assets/lib/dialog/dialog.mind227.js]
[fertilfamily.com/wp-content/plugins/elementor/assets/js/frontend.min3621.js]
[fertilfamily.com/wp-content/plugins/elementor-pro/assets/js/preloaded-elements-handlers.min1ac1.js]
[fertilfamily.com/wp-content/plugins/elementor/assets/js/preloaded-modules.min3621.js]
[fertilfamily.com/wp-content/plugins/elementor-pro/assets/lib/sticky/jquery.sticky.min1ac1.js]
[fertilfamily.com/pressel-karine/index.html]
[fertilfamily.com/wp-includes/css/dist/block-library/style.min5b21.css]
[fertilfamily.com/wp-content/themes/hello-elementor/style.min3601.css]
[fertilfamily.com/wp-content/themes/hello-elementor/theme.min3601.css]
[fertilfamily.com/wp-content/plugins/elementor/assets/lib/eicons/css/elementor-icons.min91ce.css]
[fertilfamily.com/wp-content/plugins/elementor/assets/css/frontend-legacy.min3621.css]
[fertilfamily.com/wp-content/plugins/elementor/assets/css/frontend.min3621.css]
[fertilfamily.com/wp-content/uploads/elementor/css/post-93c30.css]
[fertilfamily.com/wp-content/plugins/elementor-pro/assets/css/frontend.min1ac1.css]
[fertilfamily.com/wp-content/plugins/elementor/assets/lib/font-awesome/css/all.min3621.css]
[fertilfamily.com/wp-content/plugins/elementor/assets/lib/font-awesome/css/v4-shims.min3621.css]
[fertilfamily.com/wp-content/uploads/elementor/css/global3c30.css]
[fertilfamily.com/wp-content/uploads/elementor/css/post-7177a93e.css]
[fertilfamily.com/wp-content/plugins/elementor/assets/lib/font-awesome/css/fontawesome.min52d5.css]
[fertilfamily.com/wp-content/plugins/elementor/assets/lib/font-awesome/css/brands.min52d5.css]
[fertilfamily.com/pressel-karine/POST]
[connect.facebook.net/en_US/fbevents.js]
[fertilfamily.com/wp-content/plugins/elementor/assets/lib/animations/animations.min3621.css]
[fertilfamily.com/pressel-karine/POST.html]
